1:2 LPAREN "("
1:4 RPAREN ")"
1:6 LBRACE "{"
1:8 RBRACE "}"
1:10 SEMICOLON ";"
1:12 COMMA ","
2:1 KW_FN "fn"
2:4 IDENTIFIER "main"
2:8 LPAREN "("
2:9 RPAREN ")"
2:11 LBRACE "{"
2:13 KW_INT "int"
2:17 IDENTIFIER "x"
2:18 SEMICOLON ";"
2:20 KW_RETURN "return"
2:27 IDENTIFIER "x"
2:28 SEMICOLON ";"
2:30 RBRACE "}"
2:31 EOF ""
