1:2 IDENTIFIER "Main"
1:7 IDENTIFIER "program"
2:1 KW_FN "fn"
2:4 IDENTIFIER "main"
2:8 LPAREN "("
2:9 RPAREN ")"
2:11 LBRACE "{"
3:5 KW_BOOL "bool"
3:10 IDENTIFIER "running"
3:18 ASSIGN "="
3:20 BOOL_LITERAL "true" True
3:24 SEMICOLON ";"
4:5 KW_INT "int"
4:9 IDENTIFIER "count"
4:15 ASSIGN "="
4:17 INT_LITERAL "0" 0
4:18 SEMICOLON ";"
5:5 KW_WHILE "while"
5:11 LPAREN "("
5:12 IDENTIFIER "running"
5:20 AND "&&"
5:23 IDENTIFIER "count"
5:29 LT "<"
5:31 INT_LITERAL "10" 10
5:33 RPAREN ")"
5:35 LBRACE "{"
6:9 IDENTIFIER "count"
6:15 ASSIGN "="
6:17 IDENTIFIER "count"
6:23 PLUS "+"
6:25 INT_LITERAL "1" 1
6:26 SEMICOLON ";"
7:9 KW_IF "if"
7:12 LPAREN "("
7:13 IDENTIFIER "count"
7:19 EQ "=="
7:22 INT_LITERAL "5" 5
7:23 RPAREN ")"
7:25 LBRACE "{"
8:13 IDENTIFIER "running"
8:21 ASSIGN "="
8:23 BOOL_LITERAL "false" False
8:28 SEMICOLON ";"
9:9 RBRACE "}"
10:5 RBRACE "}"
11:5 KW_RETURN "return"
11:12 INT_LITERAL "0" 0
11:13 SEMICOLON ";"
11:14 EOF ""
